( (IDxsum (IDxa IDxb)
    ( 0 (lc r1 0)
        (br r1 1 1) )
    ( 1 (br r1 2 2) )
    ( 2 (ld r2 IDxa)
        (ld r3 IDxb)
        (add r4 r2 r3)
        (st IDxretval r4)
        (br r1 3 3) )
    ( 3 (ld r5 IDxretval)
        (ret r5)
        (br r1 4 4) ) )
  (IDxnoArgs ()
    ( 0 (lc r1 0)
        (br r1 1 1) )
    ( 1 (br r1 2 2) )
    ( 2 (lc r2 4)
        (st IDxretval r2)
        (br r1 3 3) )
    ( 3 (ld r3 IDxretval)
        (ret r3)
        (br r1 4 4) ) )
  (IDxbiggestPlus5 (IDxfirst IDxsecond)
    ( 0 (lc r1 0)
        (br r1 1 1) )
    ( 1 (br r1 2 2) )
    ( 2 (ld r2 IDxfirst)
        (ld r3 IDxsecond)
        (eq r4 r2 r3)
        (st IDxcond r4)
        (br r1 3 3) )
    ( 3 (ld r5 IDxcond)
        (br r5 4 5)
        (br r1 6 6) )
    ( 6 (ld r6 IDxfirst)
        (ld r7 IDxsecond)
        (gt r8 r6 r7)
        (st IDxcond r8)
        (br r1 7 7) )
    ( 7 (ld r9 IDxcond)
        (br r9 8 9)
        (br r1 10 10) )
    ( 4 (br r1 11 11) )
    ( 11 (ld r11 IDxfirst)
        (lc r12 5)
        (add r13 r11 r12)
        (st IDxbig r13)
        (br r1 12 12) )
    ( 12 (ld r14 IDxbig)
        (ld r15 IDxsecond)
        (gt r16 r14 r15)
        (st IDxcond r16)
        (br r1 13 13) )
    ( 13 (ld r17 IDxcond)
        (br r17 14 15)
        (br r1 16 16) )
    ( 16 (ld r18 IDxbig)
        (ret r18)
        (br r1 17 17) )
    ( 17 (br r1 6 6) )
    ( 14 (br r1 18 18) )
    ( 18 (ld r20 IDxbig)
        (ret r20)
        (br r1 19 19) )
    ( 19 (br r1 16 16) )
    ( 15 (br r1 20 20) )
    ( 20 (ld r22 IDxbig)
        (lc r23 5)
        (sub r24 r22 r23)
        (st IDxbig r24)
        (br r1 21 21) )
    ( 21 (br r1 16 16) )
    ( 5 (br r1 22 22) )
    ( 22 (br r1 6 6) )
    ( 8 (br r1 23 23) )
    ( 23 (ld r27 IDxfirst)
        (st IDxbig r27)
        (br r1 24 24) )
    ( 24 (ld r28 IDxbig)
        (ret r28)
        (br r1 25 25) )
    ( 25 (br r1 10 10) )
    ( 9 (br r1 26 26) )
    ( 26 (ld r30 IDxsecond)
        (st IDxbig r30)
        (br r1 27 27) )
    ( 27 (ld r31 IDxsecond)
        (ret r31)
        (br r1 28 28) )
    ( 28 (br r1 10 10) ) )
  (main (IDxn)
    ( 0 (lc r1 0)
        (br r1 1 1) )
    ( 1 (br r1 2 2) )
    ( 2 (lc r2 10)
        (st IDxtmp1 r2)
        (br r1 3 3) )
    ( 3 (lc r3 15)
        (st IDxtmp2 r3)
        (br r1 4 4) )
    ( 4 (ld r4 IDxtmp1)
        (ld r5 IDxtmp2)
        (call r6 IDxsum r4 r5)
        (st IDxtmp1 r6)
        (br r1 5 5) )
    ( 5 (call r7 IDxnoArgs)
        (st IDxtmp2 r7)
        (br r1 6 6) )
    ( 6 (ld r8 IDxtmp1)
        (ld r9 IDxtmp2)
        (call r10 IDxbiggestPlus5 r8 r9)
        (st IDxretval r10)
        (br r1 7 7) )
    ( 7 (ld r11 IDxretval)
        (ret r11)
        (br r1 8 8) ) ) )
