( (IDxfactorial (IDxn)
    ( 0 (lc r1 0)
        (br r1 1 1) )
    ( 1 (br r1 2 2) )
    ( 2 (ld r2 IDxn)
        (lc r3 0)
        (eq r4 r2 r3)
        (st IDxcond r4)
        (br r1 3 3) )
    ( 3 (ld r5 IDxcond)
        (br r5 4 5)
        (br r1 6 6) )
    ( 4 (br r1 7 7) )
    ( 7 (lc r7 1)
        (st IDxtmp r7)
        (br r1 8 8) )
    ( 8 (ld r8 IDxtmp)
        (ret r8)
        (br r1 9 9) )
    ( 9 (br r1 6 6) )
    ( 5 (br r1 10 10) )
    ( 10 (ld r10 IDxn)
        (lc r11 1)
        (sub r12 r10 r11)
        (st IDxtmp r12)
        (br r1 11 11) )
    ( 11 (ld r13 IDxtmp)
        (call r14 IDxfactorial r13)
        (ld r15 IDxn)
        (mul r16 r14 r15)
        (st IDxtmp r16)
        (br r1 12 12) )
    ( 12 (ld r17 IDxtmp)
        (ret r17)
        (br r1 13 13) )
    ( 13 (br r1 6 6) ) )
  (main (IDxn)
    ( 0 (lc r1 0)
        (br r1 1 1) )
    ( 1 (br r1 2 2) )
    ( 2 (ld r2 IDxn)
        (call r3 IDxfactorial r2)
        (st IDxtmp r3)
        (br r1 3 3) )
    ( 3 (ld r4 IDxtmp)
        (ret r4)
        (br r1 4 4) ) ) )
