[Function "factorial" (Args ["n"]) (Vars ["cond","tmp"]) [Assign "cond" (ExpOp OpEq (ExpId "n") (ExpNum 0)),IfElse "cond" [Assign "tmp" (ExpNum 1),Return "tmp"] [Assign "tmp" (ExpOp OpSub (ExpId "n") (ExpNum 1)),Assign "tmp" (ExpOp OpMul (ExpFun "factorial" (Args ["tmp"])) (ExpId "n")),Return "tmp"]],Function "main" (Args ["n"]) (Vars ["tmp"]) [Assign "tmp" (ExpFun "factorial" (Args ["n"])),Return "tmp"]]
